[2026-03-25 16:37:35] INFO: DISCONNECTION STARTED
[2026-03-25 16:37:35] Loaded 8 OLT IP mappings
[2026-03-25 16:37:35] Parsed interfaces for 8 OLTs
[2026-03-25 16:37:35] ABC-1: Connecting (1/2)
[2026-03-25 16:37:35] ABC-2: Connecting (1/2)
[2026-03-25 16:37:35] MAL-1: Connecting (1/2)
[2026-03-25 16:37:35] MAL-2: Connecting (1/2)
[2026-03-25 16:37:39] ABC-1: Chunk 1-5/5
[2026-03-25 16:37:39] ABC-1: Deactivating: GPON0/4:12
[2026-03-25 16:37:39] ABC-1: Deactivating: GPON0/4:7
[2026-03-25 16:37:39] ABC-1: Deactivating: GPON0/4:21
[2026-03-25 16:37:39] ABC-1: Deactivating: GPON0/2:4
[2026-03-25 16:37:39] ABC-1: Deactivating: GPON0/5:3
[2026-03-25 16:37:39] MAL-1: Chunk 1-5/5
[2026-03-25 16:37:39] MAL-1: Deactivating: GPON0/9:10
[2026-03-25 16:37:39] MAL-1: Deactivating: GPON0/15:5
[2026-03-25 16:37:39] MAL-1: Deactivating: GPON0/15:2
[2026-03-25 16:37:39] MAL-1: Deactivating: GPON0/14:1
[2026-03-25 16:37:39] MAL-1: Deactivating: GPON0/14:40
[2026-03-25 16:37:39] ABC-2: Chunk 1-5/5
[2026-03-25 16:37:39] ABC-2: Deactivating: GPON0/16:16
[2026-03-25 16:37:39] ABC-2: Deactivating: GPON0/7:22
[2026-03-25 16:37:39] ABC-2: Deactivating: GPON0/7:27
[2026-03-25 16:37:39] ABC-2: Deactivating: GPON0/7:1
[2026-03-25 16:37:39] ABC-2: Deactivating: GPON0/7:2
[2026-03-25 16:37:39] MAL-2: Chunk 1-5/5
[2026-03-25 16:37:39] MAL-2: Deactivating: GPON0/15:1
[2026-03-25 16:37:39] MAL-2: Deactivating: GPON0/9:38
[2026-03-25 16:37:39] MAL-2: Deactivating: GPON0/10:48
[2026-03-25 16:37:39] MAL-2: Deactivating: GPON0/15:47
[2026-03-25 16:37:39] MAL-2: Deactivating: GPON0/10:1
[2026-03-25 16:37:39] ABC-1: SUCCESS → 5 OK/0 FAIL
[2026-03-25 16:37:39] MAL-1: SUCCESS → 5 OK/0 FAIL
[2026-03-25 16:37:39] ABC-2: SUCCESS → 5 OK/0 FAIL
[2026-03-25 16:37:39] MAL-2: SUCCESS → 5 OK/0 FAIL
[2026-03-25 16:37:39] MAL-3: Connecting (1/2)
[2026-03-25 16:37:39] MAL-4: Connecting (1/2)
[2026-03-25 16:37:39] MAL-5: Connecting (1/2)
[2026-03-25 16:37:39] MAL-6: Connecting (1/2)
[2026-03-25 16:37:42] MAL-3: Chunk 1-5/5
[2026-03-25 16:37:42] MAL-3: Deactivating: GPON0/15:14
[2026-03-25 16:37:42] MAL-3: Deactivating: GPON0/6:11
[2026-03-25 16:37:42] MAL-3: Deactivating: GPON0/16:13
[2026-03-25 16:37:42] MAL-3: Deactivating: GPON0/12:41
[2026-03-25 16:37:42] MAL-3: Deactivating: GPON0/8:15
[2026-03-25 16:37:42] MAL-6: Chunk 1-5/5
[2026-03-25 16:37:42] MAL-6: Deactivating: GPON0/9:65
[2026-03-25 16:37:42] MAL-6: Deactivating: GPON0/5:5
[2026-03-25 16:37:42] MAL-6: Deactivating: GPON0/12:66
[2026-03-25 16:37:42] MAL-6: Deactivating: GPON0/3:82
[2026-03-25 16:37:42] MAL-6: Deactivating: GPON0/13:3
[2026-03-25 16:37:42] MAL-4: Chunk 1-5/5
[2026-03-25 16:37:42] MAL-4: Deactivating: GPON0/4:19
[2026-03-25 16:37:42] MAL-4: Deactivating: GPON0/7:25
[2026-03-25 16:37:42] MAL-4: Deactivating: GPON0/6:23
[2026-03-25 16:37:42] MAL-4: Deactivating: GPON0/8:28
[2026-03-25 16:37:42] MAL-4: Deactivating: GPON0/16:33
[2026-03-25 16:37:42] MAL-5: Chunk 1-5/5
[2026-03-25 16:37:42] MAL-5: Deactivating: GPON0/15:12
[2026-03-25 16:37:42] MAL-5: Deactivating: GPON0/15:34
[2026-03-25 16:37:42] MAL-5: Deactivating: GPON0/15:19
[2026-03-25 16:37:42] MAL-5: Deactivating: GPON0/13:5
[2026-03-25 16:37:42] MAL-5: Deactivating: GPON0/10:23
[2026-03-25 16:37:42] MAL-3: SUCCESS → 5 OK/0 FAIL
[2026-03-25 16:37:42] MAL-6: SUCCESS → 5 OK/0 FAIL
[2026-03-25 16:37:42] MAL-4: SUCCESS → 5 OK/0 FAIL
[2026-03-25 16:37:42] MAL-5: SUCCESS → 5 OK/0 FAIL
[2026-03-25 16:37:42] *----------* SUMMARY *----------*
[2026-03-25 16:37:42] ABC-1 → SUCCESS:5 FAIL:0
[2026-03-25 16:37:42] ABC-2 → SUCCESS:5 FAIL:0
[2026-03-25 16:37:42] MAL-1 → SUCCESS:5 FAIL:0
[2026-03-25 16:37:42] MAL-2 → SUCCESS:5 FAIL:0
[2026-03-25 16:37:42] MAL-3 → SUCCESS:5 FAIL:0
[2026-03-25 16:37:42] MAL-4 → SUCCESS:5 FAIL:0
[2026-03-25 16:37:42] MAL-5 → SUCCESS:5 FAIL:0
[2026-03-25 16:37:42] MAL-6 → SUCCESS:5 FAIL:0
[2026-03-25 16:37:42] TOTAL → SUCCESS:40 FAIL:0
[2026-03-25 16:37:42] FINISHED in 0m 6.71s
[2026-03-27 10:05:51] TFTP Server on 192.168.21.6:69 is OPEN|FILTERED
[2026-03-27 10:05:51] Sending files to TFTP...
[2026-03-27 10:05:51] Connecting to MAL-1 (10.253.38.51)
[2026-03-27 10:05:51] Attempt 1 of 2
[2026-03-27 10:05:57] SUCCESS: MAL-1.txt sent to TFTP
[2026-03-27 10:05:59] Connecting to MAL-2 (10.253.38.52)
[2026-03-27 10:05:59] Attempt 1 of 2
[2026-03-27 10:06:06] SUCCESS: MAL-2.txt sent to TFTP
[2026-03-27 10:06:08] Connecting to MAL-3 (10.253.38.53)
[2026-03-27 10:06:08] Attempt 1 of 2
[2026-03-27 10:06:14] SUCCESS: MAL-3.txt sent to TFTP
[2026-03-27 10:06:16] Connecting to MAL-4 (10.253.38.54)
[2026-03-27 10:06:16] Attempt 1 of 2
[2026-03-27 10:06:22] SUCCESS: MAL-4.txt sent to TFTP
[2026-03-27 10:06:24] Connecting to MAL-5 (10.253.38.55)
[2026-03-27 10:06:24] Attempt 1 of 2
[2026-03-27 10:06:30] SUCCESS: MAL-5.txt sent to TFTP
[2026-03-27 10:06:32] Connecting to MAL-6 (10.253.38.56)
[2026-03-27 10:06:32] Attempt 1 of 2
[2026-03-27 10:06:38] SUCCESS: MAL-6.txt sent to TFTP
[2026-03-27 10:06:40] Connecting to ABC-1 (10.253.38.57)
[2026-03-27 10:06:40] Attempt 1 of 2
[2026-03-27 10:06:47] SUCCESS: ABC-1.txt sent to TFTP
[2026-03-27 10:06:49] Connecting to ABC-2 (10.253.38.58)
[2026-03-27 10:06:49] Attempt 1 of 2
[2026-03-27 10:06:55] SUCCESS: ABC-2.txt sent to TFTP
[2026-03-27 10:06:57] SUCCESS: All files are sent to TFTP Server on: 192.168.21.6
[2026-03-27 10:06:57] TFTP Server closed.
[2026-03-27 10:06:57] Files found in the folder. Proceeding...
[2026-03-27 10:06:57] Processing file: ABC-1.txt
[2026-03-27 10:06:57] Processing file: ABC-2.txt
[2026-03-27 10:06:57] Processing file: MAL-1.txt
[2026-03-27 10:06:57] Processing file: MAL-2.txt
[2026-03-27 10:06:57] Processing file: MAL-3.txt
[2026-03-27 10:06:57] Processing file: MAL-4.txt
[2026-03-27 10:06:57] Processing file: MAL-5.txt
[2026-03-27 10:06:57] Processing file: MAL-6.txt
[2026-03-27 10:06:57] REFERENCE file created saved as: C:\Users\SysAdmin\Desktop\bdcom.discon\tftp\REFERENCE-LIST.txt
[2026-03-27 10:06:57] File moved to Recycle Bin: C:\Users\SysAdmin\Desktop\bdcom.discon\tftp\MAL-1.txt
[2026-03-27 10:06:57] File moved to Recycle Bin: C:\Users\SysAdmin\Desktop\bdcom.discon\tftp\MAL-2.txt
[2026-03-27 10:06:57] File moved to Recycle Bin: C:\Users\SysAdmin\Desktop\bdcom.discon\tftp\MAL-3.txt
[2026-03-27 10:06:57] File moved to Recycle Bin: C:\Users\SysAdmin\Desktop\bdcom.discon\tftp\MAL-4.txt
[2026-03-27 10:06:57] File moved to Recycle Bin: C:\Users\SysAdmin\Desktop\bdcom.discon\tftp\MAL-5.txt
[2026-03-27 10:06:57] File moved to Recycle Bin: C:\Users\SysAdmin\Desktop\bdcom.discon\tftp\MAL-6.txt
[2026-03-27 10:06:57] File moved to Recycle Bin: C:\Users\SysAdmin\Desktop\bdcom.discon\tftp\ABC-1.txt
[2026-03-27 10:06:57] File moved to Recycle Bin: C:\Users\SysAdmin\Desktop\bdcom.discon\tftp\ABC-2.txt
[2026-03-27 10:07:03] Processing: C:\Users\SysAdmin\Desktop\bdcom.discon\soft-discon\soft-discon.txt
[2026-03-27 10:07:03] All files processed. For DISCONNECTION FORMATTED file saved to 'C:\Users\SysAdmin\Desktop\bdcom.discon\soft-discon\FOR_DISCONNECTION_FORMATTED.txt'
[2026-03-27 10:07:03] Subscriber NOT FOUND MAL-029075 - CONRAD M. BARROSO
[2026-03-27 10:07:03] Subscriber NOT FOUND MAL-029124 - ELECITA N. BARGOLA
[2026-03-27 10:07:03] Subscriber NOT FOUND MAL-029156 - FELIXBERTO M. JACUTIN
[2026-03-27 10:07:03] Subscriber NOT FOUND MAL-029206 - EDNA J. CANETE
[2026-03-27 10:07:04] Subscriber NOT FOUND MAL-029417 - VIOLETA E. BAGUIO
[2026-03-27 10:07:04] Subscriber NOT FOUND MAL-029427 - ARSENIO RONCALES
[2026-03-27 10:07:04] Subscriber NOT FOUND MAL-029625 - NILO P. MARIMON #1
[2026-03-27 10:07:04] Subscriber NOT FOUND MAL-029668 - RAUL SANTIAGO
[2026-03-27 10:07:04] Subscriber NOT FOUND MAL-029772 - SUSAN K. PORRAS
[2026-03-27 10:07:04] Subscriber NOT FOUND MAL-030080 - FEDERICO E. PLASOS
[2026-03-27 10:07:04] Subscriber NOT FOUND MAL-030391 - ESTELITO R. MARABE
[2026-03-27 10:07:04] Subscriber NOT FOUND MAL-030395 - ROMULO VETE
[2026-03-27 10:07:04] Subscriber NOT FOUND MAL-030493 - DANIEL JOHN N. HINTOY
[2026-03-27 10:07:04] Subscriber NOT FOUND MAL-030520 - MARLON VALCORZA #1
[2026-03-27 10:07:04] Subscriber NOT FOUND MAL-030671 - MAILA'S LODGING HOUSE
[2026-03-27 10:07:04] Subscriber NOT FOUND MAL-030738 - JORALYN I. BELTRAN
[2026-03-27 10:07:04] Subscriber NOT FOUND MAL-030797 - GLORIA C. LIM
[2026-03-27 10:07:04] Subscriber NOT FOUND MAL-031008 - LTO C/O JUNTELIE T. GOC-ONG
[2026-03-27 10:07:04] Subscriber NOT FOUND MAL-031796 - NADOR C. CALVO
[2026-03-27 10:07:04] Subscriber NOT FOUND MAL-031883 - MYRNA T. TORRES
[2026-03-27 10:07:04] Subscriber NOT FOUND MAL-032303 - MARIANO B. ALENTON
[2026-03-27 10:07:05] Subscriber NOT FOUND MAL-032394 - ERNESTO I. QUITORIANO
[2026-03-27 10:07:05] Subscriber NOT FOUND MAL-032813 - FELIPE JR. SAJULGA
[2026-03-27 10:07:05] Subscriber NOT FOUND MAL-032847 - ZENAIDA HINGCAYOG JUPLI
[2026-03-27 10:07:05] Subscriber NOT FOUND MAL-033301 - FLORENCE D. IDULSA
[2026-03-27 10:07:05] Subscriber NOT FOUND MAL-033317 - MARISYL B. TASKER #1
[2026-03-27 10:07:05] Subscriber NOT FOUND MAL-033433 - ALEJANDRO T. SUELLO #1
[2026-03-27 10:07:05] Subscriber NOT FOUND MAL-033557 - DAVE T. MENESES
[2026-03-27 10:07:05] Subscriber NOT FOUND MAL-033590 - DONNA RIZA C. PROVIDO
[2026-03-27 10:07:05] Subscriber NOT FOUND MAL-033895 - NANNETTE B. #2 DONCERAS
[2026-03-27 10:07:05] Subscriber NOT FOUND MAL-033928 - ASUNCION LOZANO TIMONES
[2026-03-27 10:07:05] Subscriber NOT FOUND MAL-034130 - DEPT. OF LABOR AND EMPLOYMENT-BUK OFFICE 1
[2026-03-27 10:07:05] Subscriber NOT FOUND MAL-034443 - JECKREY M. MELLORIA
[2026-03-27 10:07:05] Subscriber NOT FOUND MAL-034465 - MARK OLIVER L. QUITOS
[2026-03-27 10:07:05] Subscriber NOT FOUND MAL-046913 - RHEA ANGELINE B. DACULOS
[2026-03-27 10:07:05] Subscriber NOT FOUND MAL-047140 - IAN JHON M. CADUNGOG
[2026-03-27 10:07:05] Subscriber NOT FOUND MAL-048689 - REX M. MONTELLANO
[2026-03-27 10:07:06] Subscriber NOT FOUND MAL-051333 - DONNA KRISTA M. MALALIS
[2026-03-27 10:07:06] Subscriber NOT FOUND MAL-052148 - JUANITO M. #3 MANARAN
[2026-03-27 10:07:06] Subscriber NOT FOUND MAL-053108 - LEO LIMBO #3
[2026-03-27 10:07:06] Subscriber NOT FOUND MAL-053204 - DELIA M. LLIDO #1
[2026-03-27 10:07:06] Subscriber NOT FOUND MAL-053428 - NIEZYL V. GAMAO
[2026-03-27 10:07:06] Subscriber NOT FOUND MAL-054420 - SULFICIO S. MENDEZ JR.
[2026-03-27 10:07:06] Subscriber NOT FOUND MAL-055625 - BRIDGIT ANN CUEVAS
[2026-03-27 10:07:06] Subscriber NOT FOUND MAL-056308 - JEANETTE A. EGBALIC #1
[2026-03-27 10:07:06] Subscriber NOT FOUND MAL-057651 - KRISTINE NINA N. MANUBAG
[2026-03-27 10:07:06] Subscriber NOT FOUND MAL-057656 - DOMINADOR R. ROSELL
[2026-03-27 10:07:06] Subscriber NOT FOUND MAL-059486 - JOVIR L. VILLEGAS #1
[2026-03-27 10:07:06] Subscriber NOT FOUND MAL-060283 - LOLITO CUBILLAN #2
[2026-03-27 10:07:06] Subscriber NOT FOUND MAL-060587 - RICKY R. CHAMEN
[2026-03-27 10:07:06] Subscriber NOT FOUND MAL-060824 - ARTEMIO A. USMAN
[2026-03-27 10:07:06] Subscriber NOT FOUND MAL-062584 - LOLITA L. MUANA
[2026-03-27 10:07:06] Subscriber NOT FOUND MAL-062912 - ALLAN B. GANZO
[2026-03-27 10:07:06] Subscriber NOT FOUND MAL-064027 - ALEJANDRO J. ESCASINAS
[2026-03-27 10:07:06] Subscriber NOT FOUND MAL-064161 - KATE LEAH L. SIALONGO
[2026-03-27 10:07:06] Subscriber NOT FOUND MAL-064598 - LINA S. LITANON
[2026-03-27 10:07:06] Subscriber NOT FOUND MAL-065312 - ANNALY L. ALBEZA
[2026-03-27 10:07:06] Subscriber NOT FOUND MAL-065719 - MARY JANE N. REYES
[2026-03-27 10:07:06] Subscriber NOT FOUND MAL-066731 - PHILIPPINE MEDIATION CENTER
[2026-03-27 10:07:06] Subscriber NOT FOUND MAL-066914 - ALBERTO S. SANTILLAN
[2026-03-27 10:07:06] Subscriber NOT FOUND MAL-067479 - BELINDA P. LAURE
[2026-03-27 10:07:06] Subscriber NOT FOUND MAL-067489 - PINKY A. LOBREGAT
[2026-03-27 10:07:07] Subscriber NOT FOUND MAL-067647 - WENDELL S. SUSON
[2026-03-27 10:07:07] Subscriber NOT FOUND MAL-068891 - GHENHIS E. LEABRES
[2026-03-27 10:07:07] Subscriber NOT FOUND MAL-068897 - MARILYN I. MECARTE
[2026-03-27 10:07:07] Subscriber NOT FOUND MAL-069296 - RANDY H. SERAFIN
[2026-03-27 10:07:07] Subscriber NOT FOUND MAL-072863 - MARIVIC LUARDO ARIGORAT
[2026-03-27 10:07:07] Subscriber NOT FOUND MAL-075323 - ELOISE L. ALBO
[2026-03-27 10:07:07] Subscriber NOT FOUND MAL-076142 - RICHARD BAROTAS
[2026-03-27 10:07:07] Subscriber NOT FOUND MAL-076561 - KRISHNA JOY M. LEPARTO
[2026-03-27 10:07:07] Subscriber NOT FOUND MAL-084454 - ARNOLD C. ORLEANS
[2026-03-27 10:07:08] Subscriber NOT FOUND MAL-096572 - JUANITO M. MANARAN #5
[2026-03-27 10:07:08] Subscriber NOT FOUND MAL-106205 - LUISITA'S SUITES #2 C/O CHRISTINE R. ALVAREZ 3
[2026-03-27 10:07:10] File moved to Recycle Bin: C:\Users\SysAdmin\Desktop\bdcom.discon\tftp\REFERENCE-LIST.txt
[2026-03-27 10:07:10] File moved to Recycle Bin: C:\Users\SysAdmin\Desktop\bdcom.discon\soft-discon\FOR_DISCONNECTION_FORMATTED.txt
[2026-03-27 10:07:10] FTTH subscribers for DISCONNECTION written to 'C:\Users\SysAdmin\Desktop\bdcom.discon\soft-discon\FOR_DISCONNECTION_FTTH.txt'
[2026-03-27 10:07:10] For DISCONNECTION Subscribers saved to 'C:\Users\SysAdmin\Desktop\bdcom.discon\soft-discon\FOR_DISCONNECTION.txt'
[2026-03-27 10:07:13] Interrupted by user
